// Jest Snapshot v1, https://goo.gl/fbAQLP

exports[`<TrackDetailContainer /> container tests should render and match the snapshot 1`] = `
<body>
  <div>
    <div
      class="TrackDetailContainer__Container-sc-1wt099m-0 hPWKJQ"
      data-testid="container"
    >
      <div
        class="ant-card ant-card-bordered TrackDetailContainer__CustomCard-sc-1wt099m-2 YFAZN"
        data-testid="track-card"
      >
        <div
          class="ant-card-cover"
        >
          <img
            alt="example"
            class="TrackDetailContainer__Image-sc-1wt099m-1 cbBLqZ"
            src="https://is4-ssl.mzstatic.com/image/thumb/Music115/v4/8d/af/2e/8daf2ed5-b5c1-9c53-17fc-a10d7a247121/source/100x100bb.jpg"
          />
        </div>
        <div
          class="ant-card-body"
        >
          <h5
            class="ant-typography TrackDetailContainer__CustomTitle-sc-1wt099m-6 eUEWKz"
          >
            song
          </h5>
          <div
            class="ant-card-meta"
          >
            <div
              class="ant-card-meta-detail"
            >
              <div
                class="ant-card-meta-title"
              >
                Faded (feat. Lil Wayne)
              </div>
              <div
                class="ant-card-meta-description"
              >
                Tyga
              </div>
            </div>
          </div>
          <audio
            class="TrackDetailContainer__Audio-sc-1wt099m-3 ihqLXm"
            controls=""
          >
            <source
              class="TrackDetailContainer__Source-sc-1wt099m-4 eLriFX"
              data-testid="audio-src"
              src="https://audio-ssl.itunes.apple.com/itunes-assets/AudioPreview115/v4/9b/8a/cb/9b8acba2-949a-acf7-16e6-c1a869e7340a/mzaf_8420185230668042391.plus.aac.p.m4a"
            />
          </audio>
          <button
            class="ant-btn ant-btn-circle ant-btn-lg ant-btn-icon-only TrackDetailContainer__CustomButton-sc-1wt099m-7 hTPgjm"
            data-testid="play-btn"
            type="button"
          >
            <span
              aria-label="play-circle"
              class="anticon anticon-play-circle"
              role="img"
            >
              <svg
                aria-hidden="true"
                data-icon="play-circle"
                fill="currentColor"
                focusable="false"
                height="1em"
                viewBox="64 64 896 896"
                width="1em"
              >
                <path
                  d="M512 64C264.6 64 64 264.6 64 512s200.6 448 448 448 448-200.6 448-448S759.4 64 512 64zm0 820c-205.4 0-372-166.6-372-372s166.6-372 372-372 372 166.6 372 372-166.6 372-372 372z"
                />
                <path
                  d="M719.4 499.1l-296.1-215A15.9 15.9 0 00398 297v430c0 13.1 14.8 20.5 25.3 12.9l296.1-215a15.9 15.9 0 000-25.8zm-257.6 134V390.9L628.5 512 461.8 633.1z"
                />
              </svg>
            </span>
          </button>
          <button
            class="ant-btn ant-btn-primary ant-btn-circle ant-btn-lg ant-btn-icon-only TrackDetailContainer__CustomButton-sc-1wt099m-7 hTPgjm"
            data-testid="pause-btn"
            type="button"
          >
            <span
              aria-label="pause-circle"
              class="anticon anticon-pause-circle"
              role="img"
            >
              <svg
                aria-hidden="true"
                data-icon="pause-circle"
                fill="currentColor"
                focusable="false"
                height="1em"
                viewBox="64 64 896 896"
                width="1em"
              >
                <path
                  d="M512 64C264.6 64 64 264.6 64 512s200.6 448 448 448 448-200.6 448-448S759.4 64 512 64zm0 820c-205.4 0-372-166.6-372-372s166.6-372 372-372 372 166.6 372 372-166.6 372-372 372zm-88-532h-48c-4.4 0-8 3.6-8 8v304c0 4.4 3.6 8 8 8h48c4.4 0 8-3.6 8-8V360c0-4.4-3.6-8-8-8zm224 0h-48c-4.4 0-8 3.6-8 8v304c0 4.4 3.6 8 8 8h48c4.4 0 8-3.6 8-8V360c0-4.4-3.6-8-8-8z"
                />
              </svg>
            </span>
          </button>
          <button
            class="ant-btn ant-btn-primary ant-btn-circle ant-btn-lg ant-btn-icon-only TrackDetailContainer__CustomButton-sc-1wt099m-7 hTPgjm"
            data-testid="forward-btn"
            type="button"
          >
            <span
              aria-label="step-forward"
              class="anticon anticon-step-forward"
              role="img"
            >
              <svg
                aria-hidden="true"
                data-icon="step-forward"
                fill="currentColor"
                focusable="false"
                height="1em"
                viewBox="0 0 1024 1024"
                width="1em"
              >
                <path
                  d="M676.4 528.95L293.2 829.97c-14.25 11.2-35.2 1.1-35.2-16.95V210.97c0-18.05 20.95-28.14 35.2-16.94l383.2 301.02a21.53 21.53 0 010 33.9M694 864h64a8 8 0 008-8V168a8 8 0 00-8-8h-64a8 8 0 00-8 8v688a8 8 0 008 8"
                />
              </svg>
            </span>
          </button>
          <button
            class="ant-btn ant-btn-primary ant-btn-circle ant-btn-lg ant-btn-icon-only TrackDetailContainer__CustomButton-sc-1wt099m-7 hTPgjm"
            data-testid="playback-btn"
            type="button"
          >
            <span
              aria-label="caret-down"
              class="anticon anticon-caret-down"
              role="img"
            >
              <svg
                aria-hidden="true"
                data-icon="caret-down"
                fill="currentColor"
                focusable="false"
                height="1em"
                viewBox="0 0 1024 1024"
                width="1em"
              >
                <path
                  d="M840.4 300H183.6c-19.7 0-30.7 20.8-18.5 35l328.4 380.8c9.4 10.9 27.5 10.9 37 0L858.9 335c12.2-14.2 1.2-35-18.5-35z"
                />
              </svg>
            </span>
          </button>
          <button
            class="ant-btn TrackDetailContainer__CustomButton-sc-1wt099m-7 hTPgjm"
            type="button"
          >
            <span>
               More
            </span>
          </button>
        </div>
      </div>
    </div>
  </div>
</body>
`;
